exports[`test renders correctly 1`] = `
<View>
  <Text
    accessible={true}
    allowFontScaling={true}
    ellipsizeMode="tail"
    onPress={undefined}
    style={
      Object {
        "alignItems": "center",
        "borderColor": "#05A5D1",
        "flexDirection": "row",
        "fontFamily": "ExponentFont-[object Object]-luminari",
        "fontSize": 20,
        "fontWeight": "300",
        "padding": 20,
        "width": 375,
      }
    }>
    Logout
  </Text>
</View>
`;
